test_delete_artifact (__main__.TestArtifactChainStore.test_delete_artifact) ... ok
test_delete_missing_returns_false (__main__.TestArtifactChainStore.test_delete_missing_returns_false) ... ok
test_execution_returns_fresh_artifact (__main__.TestArtifactChainStore.test_execution_returns_fresh_artifact) ... ok
test_execution_returns_none_for_stale (__main__.TestArtifactChainStore.test_execution_returns_none_for_stale) ... ok
test_fresh_artifact_not_stale (__main__.TestArtifactChainStore.test_fresh_artifact_not_stale) ... ok
test_fuzzy_match_similar_query (__main__.TestArtifactChainStore.test_fuzzy_match_similar_query) ... ok
test_fuzzy_match_too_different_returns_none (__main__.TestArtifactChainStore.test_fuzzy_match_too_different_returns_none) ... ok
test_list_artifacts (__main__.TestArtifactChainStore.test_list_artifacts) ... ok
test_old_artifact_is_stale (__main__.TestArtifactChainStore.test_old_artifact_is_stale) ... ok
test_save_and_load_exact (__main__.TestArtifactChainStore.test_save_and_load_exact) ... ok
test_completely_unrelated (__main__.TestQuerySimilarity.test_completely_unrelated) ... ok
test_identical (__main__.TestQuerySimilarity.test_identical) ... ok
test_subset (__main__.TestQuerySimilarity.test_subset) ... ok

----------------------------------------------------------------------
Ran 13 tests in 0.071s

OK
